============================== encoded test.bib ==============================
@string{
  hello=world,
  this=is
}
@string{
  maintainer="Patrick"
}
@preamble{"This pacjage is mainted by: " # maintainer}
@comment{A little comment to discuss foo bar baz}
@inproceedings{pike1990plan,
  title={Plan 9 from {Bell Labs}},
  author={Pike, Rob and Presotto, Dave and Thompson, Ken and Trickey, Howard and others},
  booktitle={Proceedings of the summer 1990 UKUUG Conference},
  pages={1--9},
  year={1990},
  month=jan,
  organization={London, UK}
}
@misc{somethingUnicodey,
  status={fermé}
}
@article{py03,
  author={Xavier D\'ecoret},
  title="PyBiTex",
  year=2003
}
============================= encoded test2.bib ==============================
@string{
  hello=world
}
======================= inproceedings_authors test.bib =======================
Pike, Rob and Presotto, Dave and Thompson, Ken and Trickey, Howard and others
============================= concat concat.bib ==============================
Entry: test
  title = OCaml Rocks
  note = NITrees
  mixed = Cambridge>Oxford
  year = 2026
  journal = IEEE
======================== concat roundtrip concat.bib =========================
@string{
  ieee="SHOULDNEVERSEETHIS"
}
@string{
  ieee="IEEE"
}
@article{test,
  title="OCaml" # " " # "Rocks",
  note={NI} # {Trees},
  mixed="Cambridge" # ">" # {Oxford},
  year=2026,
  journal=ieee
}
